// Jest Snapshot v1, https://goo.gl/fbAQLP

exports[`Gift renders correctly 1`] = `
ShallowWrapper {
  Symbol(enzyme.__root__): [Circular],
  Symbol(enzyme.__unrendered__): <Gift
    gift={
      Object {
        "id": 1,
      }
    }
    removeGift={[MockFunction]}
  />,
  Symbol(enzyme.__renderer__): Object {
    "batchedUpdates": [Function],
    "getNode": [Function],
    "render": [Function],
    "simulateError": [Function],
    "simulateEvent": [Function],
    "unmount": [Function],
  },
  Symbol(enzyme.__node__): Object {
    "instance": null,
    "key": undefined,
    "nodeType": "host",
    "props": Object {
      "children": Array [
        <Form
          bsClass="form"
          componentClass="form"
          horizontal={false}
          inline={false}
        >
          <FormGroup
            bsClass="form-group"
          >
            <ControlLabel
              bsClass="control-label"
              srOnly={false}
            >
              Person
            </ControlLabel>
            <FormControl
              bsClass="form-control"
              componentClass="input"
              id="input-person"
              onChange={[Function]}
            />
          </FormGroup>
          <FormGroup
            bsClass="form-group"
          >
            <ControlLabel
              bsClass="control-label"
              srOnly={false}
            >
              Present
            </ControlLabel>
            <FormControl
              bsClass="form-control"
              componentClass="input"
              id="input-present"
              onChange={[Function]}
            />
          </FormGroup>
        </Form>,
        <Button
          active={false}
          block={false}
          bsClass="btn"
          bsStyle="default"
          disabled={false}
          id="btn-remove"
          onClick={[Function]}
        >
          Remove Gift
        </Button>,
      ],
    },
    "ref": null,
    "rendered": Array [
      Object {
        "instance": null,
        "key": undefined,
        "nodeType": "class",
        "props": Object {
          "bsClass": "form",
          "children": Array [
            <FormGroup
              bsClass="form-group"
            >
              <ControlLabel
                bsClass="control-label"
                srOnly={false}
              >
                Person
              </ControlLabel>
              <FormControl
                bsClass="form-control"
                componentClass="input"
                id="input-person"
                onChange={[Function]}
              />
            </FormGroup>,
            <FormGroup
              bsClass="form-group"
            >
              <ControlLabel
                bsClass="control-label"
                srOnly={false}
              >
                Present
              </ControlLabel>
              <FormControl
                bsClass="form-control"
                componentClass="input"
                id="input-present"
                onChange={[Function]}
              />
            </FormGroup>,
          ],
          "componentClass": "form",
          "horizontal": false,
          "inline": false,
        },
        "ref": null,
        "rendered": Array [
          Object {
            "instance": null,
            "key": undefined,
            "nodeType": "class",
            "props": Object {
              "bsClass": "form-group",
              "children": Array [
                <ControlLabel
                  bsClass="control-label"
                  srOnly={false}
                >
                  Person
                </ControlLabel>,
                <FormControl
                  bsClass="form-control"
                  componentClass="input"
                  id="input-person"
                  onChange={[Function]}
                />,
              ],
            },
            "ref": null,
            "rendered": Array [
              Object {
                "instance": null,
                "key": undefined,
                "nodeType": "class",
                "props": Object {
                  "bsClass": "control-label",
                  "children": "Person",
                  "srOnly": false,
                },
                "ref": null,
                "rendered": "Person",
                "type": [Function],
              },
              Object {
                "instance": null,
                "key": undefined,
                "nodeType": "class",
                "props": Object {
                  "bsClass": "form-control",
                  "componentClass": "input",
                  "id": "input-person",
                  "onChange": [Function],
                },
                "ref": null,
                "rendered": null,
                "type": [Function],
              },
            ],
            "type": [Function],
          },
          Object {
            "instance": null,
            "key": undefined,
            "nodeType": "class",
            "props": Object {
              "bsClass": "form-group",
              "children": Array [
                <ControlLabel
                  bsClass="control-label"
                  srOnly={false}
                >
                  Present
                </ControlLabel>,
                <FormControl
                  bsClass="form-control"
                  componentClass="input"
                  id="input-present"
                  onChange={[Function]}
                />,
              ],
            },
            "ref": null,
            "rendered": Array [
              Object {
                "instance": null,
                "key": undefined,
                "nodeType": "class",
                "props": Object {
                  "bsClass": "control-label",
                  "children": "Present",
                  "srOnly": false,
                },
                "ref": null,
                "rendered": "Present",
                "type": [Function],
              },
              Object {
                "instance": null,
                "key": undefined,
                "nodeType": "class",
                "props": Object {
                  "bsClass": "form-control",
                  "componentClass": "input",
                  "id": "input-present",
                  "onChange": [Function],
                },
                "ref": null,
                "rendered": null,
                "type": [Function],
              },
            ],
            "type": [Function],
          },
        ],
        "type": [Function],
      },
      Object {
        "instance": null,
        "key": undefined,
        "nodeType": "class",
        "props": Object {
          "active": false,
          "block": false,
          "bsClass": "btn",
          "bsStyle": "default",
          "children": "Remove Gift",
          "disabled": false,
          "id": "btn-remove",
          "onClick": [Function],
        },
        "ref": null,
        "rendered": "Remove Gift",
        "type": [Function],
      },
    ],
    "type": "div",
  },
  Symbol(enzyme.__nodes__): Array [
    Object {
      "instance": null,
      "key": undefined,
      "nodeType": "host",
      "props": Object {
        "children": Array [
          <Form
            bsClass="form"
            componentClass="form"
            horizontal={false}
            inline={false}
          >
            <FormGroup
              bsClass="form-group"
            >
              <ControlLabel
                bsClass="control-label"
                srOnly={false}
              >
                Person
              </ControlLabel>
              <FormControl
                bsClass="form-control"
                componentClass="input"
                id="input-person"
                onChange={[Function]}
              />
            </FormGroup>
            <FormGroup
              bsClass="form-group"
            >
              <ControlLabel
                bsClass="control-label"
                srOnly={false}
              >
                Present
              </ControlLabel>
              <FormControl
                bsClass="form-control"
                componentClass="input"
                id="input-present"
                onChange={[Function]}
              />
            </FormGroup>
          </Form>,
          <Button
            active={false}
            block={false}
            bsClass="btn"
            bsStyle="default"
            disabled={false}
            id="btn-remove"
            onClick={[Function]}
          >
            Remove Gift
          </Button>,
        ],
      },
      "ref": null,
      "rendered": Array [
        Object {
          "instance": null,
          "key": undefined,
          "nodeType": "class",
          "props": Object {
            "bsClass": "form",
            "children": Array [
              <FormGroup
                bsClass="form-group"
              >
                <ControlLabel
                  bsClass="control-label"
                  srOnly={false}
                >
                  Person
                </ControlLabel>
                <FormControl
                  bsClass="form-control"
                  componentClass="input"
                  id="input-person"
                  onChange={[Function]}
                />
              </FormGroup>,
              <FormGroup
                bsClass="form-group"
              >
                <ControlLabel
                  bsClass="control-label"
                  srOnly={false}
                >
                  Present
                </ControlLabel>
                <FormControl
                  bsClass="form-control"
                  componentClass="input"
                  id="input-present"
                  onChange={[Function]}
                />
              </FormGroup>,
            ],
            "componentClass": "form",
            "horizontal": false,
            "inline": false,
          },
          "ref": null,
          "rendered": Array [
            Object {
              "instance": null,
              "key": undefined,
              "nodeType": "class",
              "props": Object {
                "bsClass": "form-group",
                "children": Array [
                  <ControlLabel
                    bsClass="control-label"
                    srOnly={false}
                  >
                    Person
                  </ControlLabel>,
                  <FormControl
                    bsClass="form-control"
                    componentClass="input"
                    id="input-person"
                    onChange={[Function]}
                  />,
                ],
              },
              "ref": null,
              "rendered": Array [
                Object {
                  "instance": null,
                  "key": undefined,
                  "nodeType": "class",
                  "props": Object {
                    "bsClass": "control-label",
                    "children": "Person",
                    "srOnly": false,
                  },
                  "ref": null,
                  "rendered": "Person",
                  "type": [Function],
                },
                Object {
                  "instance": null,
                  "key": undefined,
                  "nodeType": "class",
                  "props": Object {
                    "bsClass": "form-control",
                    "componentClass": "input",
                    "id": "input-person",
                    "onChange": [Function],
                  },
                  "ref": null,
                  "rendered": null,
                  "type": [Function],
                },
              ],
              "type": [Function],
            },
            Object {
              "instance": null,
              "key": undefined,
              "nodeType": "class",
              "props": Object {
                "bsClass": "form-group",
                "children": Array [
                  <ControlLabel
                    bsClass="control-label"
                    srOnly={false}
                  >
                    Present
                  </ControlLabel>,
                  <FormControl
                    bsClass="form-control"
                    componentClass="input"
                    id="input-present"
                    onChange={[Function]}
                  />,
                ],
              },
              "ref": null,
              "rendered": Array [
                Object {
                  "instance": null,
                  "key": undefined,
                  "nodeType": "class",
                  "props": Object {
                    "bsClass": "control-label",
                    "children": "Present",
                    "srOnly": false,
                  },
                  "ref": null,
                  "rendered": "Present",
                  "type": [Function],
                },
                Object {
                  "instance": null,
                  "key": undefined,
                  "nodeType": "class",
                  "props": Object {
                    "bsClass": "form-control",
                    "componentClass": "input",
                    "id": "input-present",
                    "onChange": [Function],
                  },
                  "ref": null,
                  "rendered": null,
                  "type": [Function],
                },
              ],
              "type": [Function],
            },
          ],
          "type": [Function],
        },
        Object {
          "instance": null,
          "key": undefined,
          "nodeType": "class",
          "props": Object {
            "active": false,
            "block": false,
            "bsClass": "btn",
            "bsStyle": "default",
            "children": "Remove Gift",
            "disabled": false,
            "id": "btn-remove",
            "onClick": [Function],
          },
          "ref": null,
          "rendered": "Remove Gift",
          "type": [Function],
        },
      ],
      "type": "div",
    },
  ],
  Symbol(enzyme.__options__): Object {
    "adapter": ReactSixteenAdapter {
      "options": Object {
        "enableComponentDidUpdateOnSetState": true,
        "lifecycles": Object {
          "componentDidUpdate": Object {
            "onSetState": true,
          },
          "getDerivedStateFromProps": true,
          "getSnapshotBeforeUpdate": true,
          "setState": Object {
            "skipsComponentDidUpdateOnNullish": true,
          },
        },
      },
    },
    "disableLifecycleMethods": true,
  },
}
`;
